// Jest Snapshot v1, https://goo.gl/fbAQLP

exports[`Books page Should render correctly 1`] = `
Object {
  "asFragment": [Function],
  "baseElement": <body>
    <div>
      <div
        class="sc-cxpSdN iUPqAs"
      >
        <div
          class="sc-iqseJM izWPfs sc-llYSUQ fNeGpk"
        >
          <img
            alt="Harry Potter 1"
            class="sc-crHmcD eWcVlw"
            src="book.jpg"
          />
          <span
            class="sc-egiyK imxGsE"
          >
            Harry Potter 1
          </span>
          <span
            class="sc-bqiRlB LDmGk"
          >
            Lorem ipsum dolor sit amet, consectetur adipiscing elit. In vel finibus dolor. Sed quis faucibus lectus. Donec feugiat nisi cursus velit vestibulum euismod. Praesent lacus metus, cursus tristique est non, porttitor volutpat urna. Praesent ac nisi gravida, auctor libero quis, imperdiet risus. In blandit dignissim vehicula. Ut condimentum dictum arcu in scelerisque.
          </span>
          <div
            class="sc-ksdxgE eKpHrr"
          >
            <button
              class="sc-bdvvtL ixoTWR sc-iJKOTD kovBqm"
            >
              Detail
            </button>
            <button
              class="sc-bdvvtL dPUGtn sc-iJKOTD kovBqm"
              color="primary"
            >
              Rent
            </button>
          </div>
        </div>
        <div
          class="sc-iqseJM izWPfs sc-llYSUQ fNeGpk"
        >
          <img
            alt="Harry Potter 2"
            class="sc-crHmcD eWcVlw"
            src="book.jpg"
          />
          <span
            class="sc-egiyK imxGsE"
          >
            Harry Potter 2
          </span>
          <span
            class="sc-bqiRlB LDmGk"
          >
            Lorem ipsum dolor sit amet, consectetur adipiscing elit. In vel finibus dolor. Sed quis faucibus lectus. Donec feugiat nisi cursus velit vestibulum euismod. Praesent lacus metus, cursus tristique est non, porttitor volutpat urna. Praesent ac nisi gravida, auctor libero quis, imperdiet risus. In blandit dignissim vehicula. Ut condimentum dictum arcu in scelerisque.
          </span>
          <div
            class="sc-ksdxgE eKpHrr"
          >
            <button
              class="sc-bdvvtL ixoTWR sc-iJKOTD kovBqm"
            >
              Detail
            </button>
            <button
              class="sc-bdvvtL dPUGtn sc-iJKOTD kovBqm"
              color="primary"
            >
              Rent
            </button>
          </div>
        </div>
        <div
          class="sc-iqseJM izWPfs sc-llYSUQ fNeGpk"
        >
          <img
            alt="Harry Potter 3"
            class="sc-crHmcD eWcVlw"
            src="book.jpg"
          />
          <span
            class="sc-egiyK imxGsE"
          >
            Harry Potter 3
          </span>
          <span
            class="sc-bqiRlB LDmGk"
          >
            Lorem ipsum dolor sit amet, consectetur adipiscing elit. In vel finibus dolor. Sed quis faucibus lectus. Donec feugiat nisi cursus velit vestibulum euismod. Praesent lacus metus, cursus tristique est non, porttitor volutpat urna. Praesent ac nisi gravida, auctor libero quis, imperdiet risus. In blandit dignissim vehicula. Ut condimentum dictum arcu in scelerisque.
          </span>
          <div
            class="sc-ksdxgE eKpHrr"
          >
            <button
              class="sc-bdvvtL ixoTWR sc-iJKOTD kovBqm"
            >
              Detail
            </button>
            <button
              class="sc-bdvvtL dPUGtn sc-iJKOTD kovBqm"
              color="primary"
            >
              Rent
            </button>
          </div>
        </div>
        <div
          class="sc-iqseJM izWPfs sc-llYSUQ fNeGpk"
        >
          <img
            alt="Harry Potter 4"
            class="sc-crHmcD eWcVlw"
            src="book.jpg"
          />
          <span
            class="sc-egiyK imxGsE"
          >
            Harry Potter 4
          </span>
          <span
            class="sc-bqiRlB LDmGk"
          >
            Lorem ipsum dolor sit amet, consectetur adipiscing elit. In vel finibus dolor. Sed quis faucibus lectus. Donec feugiat nisi cursus velit vestibulum euismod. Praesent lacus metus, cursus tristique est non, porttitor volutpat urna. Praesent ac nisi gravida, auctor libero quis, imperdiet risus. In blandit dignissim vehicula. Ut condimentum dictum arcu in scelerisque.
          </span>
          <div
            class="sc-ksdxgE eKpHrr"
          >
            <button
              class="sc-bdvvtL ixoTWR sc-iJKOTD kovBqm"
            >
              Detail
            </button>
            <button
              class="sc-bdvvtL dPUGtn sc-iJKOTD kovBqm"
              color="primary"
            >
              Rent
            </button>
          </div>
        </div>
        <div
          class="sc-iqseJM izWPfs sc-llYSUQ fNeGpk"
        >
          <img
            alt="Harry Potter 5"
            class="sc-crHmcD eWcVlw"
            src="book.jpg"
          />
          <span
            class="sc-egiyK imxGsE"
          >
            Harry Potter 5
          </span>
          <span
            class="sc-bqiRlB LDmGk"
          >
            Lorem ipsum dolor sit amet, consectetur adipiscing elit. In vel finibus dolor. Sed quis faucibus lectus. Donec feugiat nisi cursus velit vestibulum euismod. Praesent lacus metus, cursus tristique est non, porttitor volutpat urna. Praesent ac nisi gravida, auctor libero quis, imperdiet risus. In blandit dignissim vehicula. Ut condimentum dictum arcu in scelerisque.
          </span>
          <div
            class="sc-ksdxgE eKpHrr"
          >
            <button
              class="sc-bdvvtL ixoTWR sc-iJKOTD kovBqm"
            >
              Detail
            </button>
            <button
              class="sc-bdvvtL dPUGtn sc-iJKOTD kovBqm"
              color="primary"
            >
              Rent
            </button>
          </div>
        </div>
        <div
          class="sc-hBUSln dvkdBf"
        >
          <div
            class="sc-fotOHu kKcknK"
          >
            <div
              class="sc-fFeiMQ Hckyk"
            >
              <span
                class="sc-bkkeKt flbXbU"
              />
              <div
                class="sc-ieecCq kgOxaW"
                data-testid="button-close"
              >
                <svg
                  aria-hidden="true"
                  class="svg-inline--fa fa-times fa-w-11 "
                  data-icon="times"
                  data-prefix="fas"
                  focusable="false"
                  role="img"
                  viewBox="0 0 352 512"
                  xmlns="http://www.w3.org/2000/svg"
                >
                  <path
                    d="M242.72 256l100.07-100.07c12.28-12.28 12.28-32.19 0-44.48l-22.24-22.24c-12.28-12.28-32.19-12.28-44.48 0L176 189.28 75.93 89.21c-12.28-12.28-32.19-12.28-44.48 0L9.21 111.45c-12.28 12.28-12.28 32.19 0 44.48L109.28 256 9.21 356.07c-12.28 12.28-12.28 32.19 0 44.48l22.24 22.24c12.28 12.28 32.2 12.28 44.48 0L176 322.72l100.07 100.07c12.28 12.28 32.2 12.28 44.48 0l22.24-22.24c12.28-12.28 12.28-32.19 0-44.48L242.72 256z"
                    fill="currentColor"
                  />
                </svg>
              </div>
            </div>
            <div
              class="sc-giYglK hDbUSa"
            >
              <img
                alt=""
                class="sc-kLwhqv dhxnxg"
                src="book.jpg"
              />
              <p
                class="sc-dkPtRN jqyjih sc-bYoBSM dgUImU"
              />
            </div>
            <button
              class="sc-bdvvtL dPUGtn sc-ezbkAF imDBgZ"
              color="primary"
            >
              Rent
            </button>
          </div>
        </div>
      </div>
    </div>
  </body>,
  "container": <div>
    <div
      class="sc-cxpSdN iUPqAs"
    >
      <div
        class="sc-iqseJM izWPfs sc-llYSUQ fNeGpk"
      >
        <img
          alt="Harry Potter 1"
          class="sc-crHmcD eWcVlw"
          src="book.jpg"
        />
        <span
          class="sc-egiyK imxGsE"
        >
          Harry Potter 1
        </span>
        <span
          class="sc-bqiRlB LDmGk"
        >
          Lorem ipsum dolor sit amet, consectetur adipiscing elit. In vel finibus dolor. Sed quis faucibus lectus. Donec feugiat nisi cursus velit vestibulum euismod. Praesent lacus metus, cursus tristique est non, porttitor volutpat urna. Praesent ac nisi gravida, auctor libero quis, imperdiet risus. In blandit dignissim vehicula. Ut condimentum dictum arcu in scelerisque.
        </span>
        <div
          class="sc-ksdxgE eKpHrr"
        >
          <button
            class="sc-bdvvtL ixoTWR sc-iJKOTD kovBqm"
          >
            Detail
          </button>
          <button
            class="sc-bdvvtL dPUGtn sc-iJKOTD kovBqm"
            color="primary"
          >
            Rent
          </button>
        </div>
      </div>
      <div
        class="sc-iqseJM izWPfs sc-llYSUQ fNeGpk"
      >
        <img
          alt="Harry Potter 2"
          class="sc-crHmcD eWcVlw"
          src="book.jpg"
        />
        <span
          class="sc-egiyK imxGsE"
        >
          Harry Potter 2
        </span>
        <span
          class="sc-bqiRlB LDmGk"
        >
          Lorem ipsum dolor sit amet, consectetur adipiscing elit. In vel finibus dolor. Sed quis faucibus lectus. Donec feugiat nisi cursus velit vestibulum euismod. Praesent lacus metus, cursus tristique est non, porttitor volutpat urna. Praesent ac nisi gravida, auctor libero quis, imperdiet risus. In blandit dignissim vehicula. Ut condimentum dictum arcu in scelerisque.
        </span>
        <div
          class="sc-ksdxgE eKpHrr"
        >
          <button
            class="sc-bdvvtL ixoTWR sc-iJKOTD kovBqm"
          >
            Detail
          </button>
          <button
            class="sc-bdvvtL dPUGtn sc-iJKOTD kovBqm"
            color="primary"
          >
            Rent
          </button>
        </div>
      </div>
      <div
        class="sc-iqseJM izWPfs sc-llYSUQ fNeGpk"
      >
        <img
          alt="Harry Potter 3"
          class="sc-crHmcD eWcVlw"
          src="book.jpg"
        />
        <span
          class="sc-egiyK imxGsE"
        >
          Harry Potter 3
        </span>
        <span
          class="sc-bqiRlB LDmGk"
        >
          Lorem ipsum dolor sit amet, consectetur adipiscing elit. In vel finibus dolor. Sed quis faucibus lectus. Donec feugiat nisi cursus velit vestibulum euismod. Praesent lacus metus, cursus tristique est non, porttitor volutpat urna. Praesent ac nisi gravida, auctor libero quis, imperdiet risus. In blandit dignissim vehicula. Ut condimentum dictum arcu in scelerisque.
        </span>
        <div
          class="sc-ksdxgE eKpHrr"
        >
          <button
            class="sc-bdvvtL ixoTWR sc-iJKOTD kovBqm"
          >
            Detail
          </button>
          <button
            class="sc-bdvvtL dPUGtn sc-iJKOTD kovBqm"
            color="primary"
          >
            Rent
          </button>
        </div>
      </div>
      <div
        class="sc-iqseJM izWPfs sc-llYSUQ fNeGpk"
      >
        <img
          alt="Harry Potter 4"
          class="sc-crHmcD eWcVlw"
          src="book.jpg"
        />
        <span
          class="sc-egiyK imxGsE"
        >
          Harry Potter 4
        </span>
        <span
          class="sc-bqiRlB LDmGk"
        >
          Lorem ipsum dolor sit amet, consectetur adipiscing elit. In vel finibus dolor. Sed quis faucibus lectus. Donec feugiat nisi cursus velit vestibulum euismod. Praesent lacus metus, cursus tristique est non, porttitor volutpat urna. Praesent ac nisi gravida, auctor libero quis, imperdiet risus. In blandit dignissim vehicula. Ut condimentum dictum arcu in scelerisque.
        </span>
        <div
          class="sc-ksdxgE eKpHrr"
        >
          <button
            class="sc-bdvvtL ixoTWR sc-iJKOTD kovBqm"
          >
            Detail
          </button>
          <button
            class="sc-bdvvtL dPUGtn sc-iJKOTD kovBqm"
            color="primary"
          >
            Rent
          </button>
        </div>
      </div>
      <div
        class="sc-iqseJM izWPfs sc-llYSUQ fNeGpk"
      >
        <img
          alt="Harry Potter 5"
          class="sc-crHmcD eWcVlw"
          src="book.jpg"
        />
        <span
          class="sc-egiyK imxGsE"
        >
          Harry Potter 5
        </span>
        <span
          class="sc-bqiRlB LDmGk"
        >
          Lorem ipsum dolor sit amet, consectetur adipiscing elit. In vel finibus dolor. Sed quis faucibus lectus. Donec feugiat nisi cursus velit vestibulum euismod. Praesent lacus metus, cursus tristique est non, porttitor volutpat urna. Praesent ac nisi gravida, auctor libero quis, imperdiet risus. In blandit dignissim vehicula. Ut condimentum dictum arcu in scelerisque.
        </span>
        <div
          class="sc-ksdxgE eKpHrr"
        >
          <button
            class="sc-bdvvtL ixoTWR sc-iJKOTD kovBqm"
          >
            Detail
          </button>
          <button
            class="sc-bdvvtL dPUGtn sc-iJKOTD kovBqm"
            color="primary"
          >
            Rent
          </button>
        </div>
      </div>
      <div
        class="sc-hBUSln dvkdBf"
      >
        <div
          class="sc-fotOHu kKcknK"
        >
          <div
            class="sc-fFeiMQ Hckyk"
          >
            <span
              class="sc-bkkeKt flbXbU"
            />
            <div
              class="sc-ieecCq kgOxaW"
              data-testid="button-close"
            >
              <svg
                aria-hidden="true"
                class="svg-inline--fa fa-times fa-w-11 "
                data-icon="times"
                data-prefix="fas"
                focusable="false"
                role="img"
                viewBox="0 0 352 512"
                xmlns="http://www.w3.org/2000/svg"
              >
                <path
                  d="M242.72 256l100.07-100.07c12.28-12.28 12.28-32.19 0-44.48l-22.24-22.24c-12.28-12.28-32.19-12.28-44.48 0L176 189.28 75.93 89.21c-12.28-12.28-32.19-12.28-44.48 0L9.21 111.45c-12.28 12.28-12.28 32.19 0 44.48L109.28 256 9.21 356.07c-12.28 12.28-12.28 32.19 0 44.48l22.24 22.24c12.28 12.28 32.2 12.28 44.48 0L176 322.72l100.07 100.07c12.28 12.28 32.2 12.28 44.48 0l22.24-22.24c12.28-12.28 12.28-32.19 0-44.48L242.72 256z"
                  fill="currentColor"
                />
              </svg>
            </div>
          </div>
          <div
            class="sc-giYglK hDbUSa"
          >
            <img
              alt=""
              class="sc-kLwhqv dhxnxg"
              src="book.jpg"
            />
            <p
              class="sc-dkPtRN jqyjih sc-bYoBSM dgUImU"
            />
          </div>
          <button
            class="sc-bdvvtL dPUGtn sc-ezbkAF imDBgZ"
            color="primary"
          >
            Rent
          </button>
        </div>
      </div>
    </div>
  </div>,
  "debug": [Function],
  "findAllByAltText": [Function],
  "findAllByDisplayValue": [Function],
  "findAllByLabelText": [Function],
  "findAllByPlaceholderText": [Function],
  "findAllByRole": [Function],
  "findAllByTestId": [Function],
  "findAllByText": [Function],
  "findAllByTitle": [Function],
  "findByAltText": [Function],
  "findByDisplayValue": [Function],
  "findByLabelText": [Function],
  "findByPlaceholderText": [Function],
  "findByRole": [Function],
  "findByTestId": [Function],
  "findByText": [Function],
  "findByTitle": [Function],
  "getAllByAltText": [Function],
  "getAllByDisplayValue": [Function],
  "getAllByLabelText": [Function],
  "getAllByPlaceholderText": [Function],
  "getAllByRole": [Function],
  "getAllByTestId": [Function],
  "getAllByText": [Function],
  "getAllByTitle": [Function],
  "getByAltText": [Function],
  "getByDisplayValue": [Function],
  "getByLabelText": [Function],
  "getByPlaceholderText": [Function],
  "getByRole": [Function],
  "getByTestId": [Function],
  "getByText": [Function],
  "getByTitle": [Function],
  "queryAllByAltText": [Function],
  "queryAllByDisplayValue": [Function],
  "queryAllByLabelText": [Function],
  "queryAllByPlaceholderText": [Function],
  "queryAllByRole": [Function],
  "queryAllByTestId": [Function],
  "queryAllByText": [Function],
  "queryAllByTitle": [Function],
  "queryByAltText": [Function],
  "queryByDisplayValue": [Function],
  "queryByLabelText": [Function],
  "queryByPlaceholderText": [Function],
  "queryByRole": [Function],
  "queryByTestId": [Function],
  "queryByText": [Function],
  "queryByTitle": [Function],
  "rerender": [Function],
  "unmount": [Function],
}
`;
